{
  "code": 401,
  "message": "Identifiants invalides."
}
