{
  "errors": [
    {
      "message": "Invalid payload",
      "locations": [
        {
          "line": 3,
          "column": 5
        }
      ],
      "path": [
        "User",
        "resetPassword"
      ],
      "code": "INVALID_PAYLOAD",
      "api_problem": {
        "type": "https:\/\/symfony.com\/errors\/validation",
        "title": "Validation Failed",
        "detail": "payload.newPassword: La sécurité du mot de passe est trop faible. Veuillez utiliser un mot de passe plus complexe.\npayload.newPasswordConfirm: Les mots de passe doivent être identiques.",
        "violations": [
          {
            "propertyPath": "payload.newPassword",
            "title": "La sécurité du mot de passe est trop faible. Veuillez utiliser un mot de passe plus complexe.",
            "template": "The password strength is too low. Please use a stronger password.",
            "parameters": [],
            "type": "urn:uuid:4234df00-45dd-49a4-b303-a75dbf8b10d8"
          },
          {
            "propertyPath": "payload.newPasswordConfirm",
            "title": "Les mots de passe doivent être identiques.",
            "template": "The passwords must be identical.",
            "parameters": {
              "{{ value }}": "\"a-different-password\"",
              "{{ compared_value }}": "\"a-password\"",
              "{{ compared_value_type }}": "string",
              "{{ compared_value_path }}": "newPassword"
            },
            "type": "urn:uuid:2a8cc50f-58a2-4536-875e-060a2ce69ed5"
          }
        ]
      }
    }
  ]
}
