{
  "data": {
    "User": {
      "create": {
        "email": "jane.doe@example.com",
        "firstname": "Jane",
        "lastname": "Doe",
        "roles": [
          "ROLE_USER"
        ],
        "isActive": true,
        "isAdmin": false
      }
    }
  }
}
