{
  "data": {
    "User": {
      "updateMyProfile": {
        "email": "user@example.com",
        "firstname": "User",
        "lastname": "Myself"
      }
    }
  }
}
