{
  "errors": [
    {
      "message": "Invalid payload",
      "locations": [
        {
          "line": 3,
          "column": 5
        }
      ],
      "path": [
        "User",
        "update"
      ],
      "code": "INVALID_PAYLOAD",
      "api_problem": {
        "type": "https:\/\/symfony.com\/errors\/validation",
        "title": "Validation Failed",
        "detail": "payload.email: Cette chaîne est trop longue. Elle doit avoir au maximum 255 caractères.\npayload.firstname: Cette chaîne est trop longue. Elle doit avoir au maximum 255 caractères.\npayload.lastname: Cette chaîne est trop longue. Elle doit avoir au maximum 255 caractères.",
        "violations": [
          {
            "propertyPath": "payload.email",
            "title": "Cette chaîne est trop longue. Elle doit avoir au maximum 255 caractères.",
            "template": "This value is too long. It should have {{ limit }} character or less.|This value is too long. It should have {{ limit }} characters or less.",
            "parameters": {
              "{{ value }}": "\"way-too-looooooooooooooooooooooooooooooooooooooooooooooooooooooooooooooooooooooooooooooooooooooooooooooooooooooooooooooooooooooooooooooooooooooooooooooooooooooooooooooooooooooooooooooooooooooooooooooooooooooooooooooooooooooooooooooooooooooooooooooooooooooooooooooooong-value\"",
              "{{ limit }}": "255",
              "{{ value_length }}": "274"
            },
            "type": "urn:uuid:d94b19cc-114f-4f44-9cc4-4138e80a87b9"
          },
          {
            "propertyPath": "payload.firstname",
            "title": "Cette chaîne est trop longue. Elle doit avoir au maximum 255 caractères.",
            "template": "This value is too long. It should have {{ limit }} character or less.|This value is too long. It should have {{ limit }} characters or less.",
            "parameters": {
              "{{ value }}": "\"way-too-looooooooooooooooooooooooooooooooooooooooooooooooooooooooooooooooooooooooooooooooooooooooooooooooooooooooooooooooooooooooooooooooooooooooooooooooooooooooooooooooooooooooooooooooooooooooooooooooooooooooooooooooooooooooooooooooooooooooooooooooooooooooooooooooong-value\"",
              "{{ limit }}": "255",
              "{{ value_length }}": "274"
            },
            "type": "urn:uuid:d94b19cc-114f-4f44-9cc4-4138e80a87b9"
          },
          {
            "propertyPath": "payload.lastname",
            "title": "Cette chaîne est trop longue. Elle doit avoir au maximum 255 caractères.",
            "template": "This value is too long. It should have {{ limit }} character or less.|This value is too long. It should have {{ limit }} characters or less.",
            "parameters": {
              "{{ value }}": "\"way-too-looooooooooooooooooooooooooooooooooooooooooooooooooooooooooooooooooooooooooooooooooooooooooooooooooooooooooooooooooooooooooooooooooooooooooooooooooooooooooooooooooooooooooooooooooooooooooooooooooooooooooooooooooooooooooooooooooooooooooooooooooooooooooooooooong-value\"",
              "{{ limit }}": "255",
              "{{ value_length }}": "274"
            },
            "type": "urn:uuid:d94b19cc-114f-4f44-9cc4-4138e80a87b9"
          }
        ]
      }
    }
  ],
  "data": {
    "User": {
      "update": null
    }
  }
}
