{
  "data": {
    "User": {
      "update": {
        "uid": "01H3CFB8XBSJDCQSHKB8PJXQBX",
        "email": "user@example.com",
        "firstname": "Jane",
        "lastname": "Doe",
        "roles": [
          "ROLE_USER"
        ],
        "isActive": false,
        "isAdmin": false,
        "createdAt": "2020-01-01T00:00:00+00:00"
      }
    }
  }
}
