{
  "data": {
    "User": {
      "update": {
        "uid": "01H3CFAYHK2EV1KYXYQ21EW7XR",
        "email": "admin@example.com",
        "firstname": "John",
        "lastname": "Doe",
        "roles": [
          "ROLE_ADMIN"
        ],
        "isActive": false,
        "isAdmin": true,
        "createdAt": "2020-01-01T00:00:00+00:00"
      }
    }
  }
}
