{
  "data": {
    "User": {
      "find": {
        "firstname": "John",
        "lastname": "ADV",
        "email": "user@example.com"
      }
    }
  }
}
